Component: ARM Compiler 5.05 update 1 (build 106) Tool: armlink [4d0efa]

==============================================================================

Section Cross References

    main.o(.text) refers to timer.o(.text) for TIM6_Configuration
    main.o(.text) refers to led.o(.text) for Led_Configuration
    main.o(.text) refers to buzzer.o(.text) for Buzzer_Configuration
    main.o(.text) refers to can1.o(.text) for CAN1_Configuration
    main.o(.text) refers to can2.o(.text) for CAN2_Configuration
    main.o(.text) refers to usart2.o(.text) for USART2_Configuration
    main.o(.text) refers to usart3.o(.text) for USART3_Configuration
    main.o(.text) refers to encoder.o(.text) for RGBLed_Configuration
    main.o(.text) refers to stm32f4xx_gpio.o(.text) for GPIO_SetBits
    main.o(.text) refers to main.o(.bss) for Moto_Pid1
    main.o(.text) refers to main.o(.data) for l_p
    main.o(.text) refers to can1.o(.bss) for Encoder_Value
    main.o(.text) refers to can2.o(.data) for ZGyroModuleAngle
    ad.o(.text) refers to stm32f4xx_rcc.o(.text) for RCC_APB2PeriphClockCmd
    ad.o(.text) refers to stm32f4xx_gpio.o(.text) for GPIO_Init
    ad.o(.text) refers to stm32f4xx_adc.o(.text) for ADC_Init
    led.o(.text) refers to stm32f4xx_rcc.o(.text) for RCC_AHB1PeriphClockCmd
    led.o(.text) refers to stm32f4xx_gpio.o(.text) for GPIO_Init
    buzzer.o(.text) refers to stm32f4xx_rcc.o(.text) for RCC_AHB1PeriphClockCmd
    buzzer.o(.text) refers to stm32f4xx_gpio.o(.text) for GPIO_Init
    pwm.o(.text) refers to stm32f4xx_rcc.o(.text) for RCC_AHB1PeriphClockCmd
    pwm.o(.text) refers to stm32f4xx_gpio.o(.text) for GPIO_Init
    pwm.o(.text) refers to stm32f4xx_tim.o(.text) for TIM_TimeBaseInit
    timer.o(.text) refers to stm32f4xx_rcc.o(.text) for RCC_APB1PeriphClockCmd
    timer.o(.text) refers to misc.o(.text) for NVIC_Init
    timer.o(.text) refers to stm32f4xx_tim.o(.text) for TIM_TimeBaseInit
    timer.o(.text) refers to main.o(.data) for Time_Update
    can1.o(.text) refers to stm32f4xx_rcc.o(.text) for RCC_AHB1PeriphClockCmd
    can1.o(.text) refers to stm32f4xx_gpio.o(.text) for GPIO_PinAFConfig
    can1.o(.text) refers to misc.o(.text) for NVIC_Init
    can1.o(.text) refers to stm32f4xx_can.o(.text) for CAN_DeInit
    can1.o(.text) refers to can1.o(.data) for Moto_Flag_ID
    can1.o(.text) refers to can1.o(.bss) for Encoder_Value
    can2.o(.text) refers to stm32f4xx_rcc.o(.text) for RCC_AHB1PeriphClockCmd
    can2.o(.text) refers to stm32f4xx_gpio.o(.text) for GPIO_PinAFConfig
    can2.o(.text) refers to misc.o(.text) for NVIC_Init
    can2.o(.text) refers to stm32f4xx_can.o(.text) for CAN_DeInit
    can2.o(.text) refers to can2.o(.data) for ZGyroModuleAngle
    usart2.o(.text) refers to stm32f4xx_rcc.o(.text) for RCC_AHB1PeriphClockCmd
    usart2.o(.text) refers to stm32f4xx_gpio.o(.text) for GPIO_PinAFConfig
    usart2.o(.text) refers to stm32f4xx_usart.o(.text) for USART_DeInit
    usart2.o(.text) refers to misc.o(.text) for NVIC_Init
    usart2.o(.text) refers to stm32f4xx_dma.o(.text) for DMA_DeInit
    usart2.o(.text) refers to usart2.o(.bss) for sbus_rx_buffer
    usart2.o(.text) refers to main.o(.bss) for target_speed
    usart3.o(.text) refers to stm32f4xx_rcc.o(.text) for RCC_AHB1PeriphClockCmd
    usart3.o(.text) refers to stm32f4xx_gpio.o(.text) for GPIO_PinAFConfig
    usart3.o(.text) refers to stm32f4xx_usart.o(.text) for USART_Init
    usart3.o(.text) refers to misc.o(.text) for NVIC_Init
    usart3.o(.text) refers to encoder.o(.text) for RGB_Led_Control
    usart3.o(.text) refers to main.o(.bss) for target_speed
    usart3.o(.text) refers to usart3.o(.data) for Res
    usart3.o(.text) refers to usart3.o(.bss) for Union_Reciver
    oled.o(.text) refers to stm32f4xx_gpio.o(.text) for GPIO_SetBits
    oled.o(.text) refers to delay.o(.text) for delay_us
    oled.o(.text) refers to printfa.o(i.__0vsprintf) for __c89vsprintf
    oled.o(.text) refers to strlen.o(.text) for strlen
    oled.o(.text) refers to stm32f4xx_rcc.o(.text) for RCC_AHB1PeriphClockCmd
    oled.o(.text) refers to oled.o(.constdata) for F8X16
    oled.o(.text) refers to oled.o(.bss) for LCD_BUF
    oled.o(.text) refers to oled.o(.data) for last_len
    key.o(.text) refers to stm32f4xx_rcc.o(.text) for RCC_APB2PeriphClockCmd
    key.o(.text) refers to stm32f4xx_gpio.o(.text) for GPIO_Init
    key.o(.text) refers to stm32f4xx_syscfg.o(.text) for SYSCFG_EXTILineConfig
    key.o(.text) refers to stm32f4xx_exti.o(.text) for EXTI_Init
    key.o(.text) refers to misc.o(.text) for NVIC_Init
    encoder.o(.text) refers to stm32f4xx_rcc.o(.text) for RCC_AHB1PeriphClockCmd
    encoder.o(.text) refers to stm32f4xx_gpio.o(.text) for GPIO_Init
    stm32f4xx_tim.o(.text) refers to stm32f4xx_rcc.o(.text) for RCC_APB2PeriphResetCmd
    stm32f4xx_adc.o(.text) refers to stm32f4xx_rcc.o(.text) for RCC_APB2PeriphResetCmd
    stm32f4xx_rcc.o(.text) refers to stm32f4xx_rcc.o(.data) for APBAHBPrescTable
    stm32f4xx_can.o(.text) refers to stm32f4xx_rcc.o(.text) for RCC_APB1PeriphResetCmd
    stm32f4xx_gpio.o(.text) refers to stm32f4xx_rcc.o(.text) for RCC_AHB1PeriphResetCmd
    stm32f4xx_usart.o(.text) refers to stm32f4xx_rcc.o(.text) for RCC_APB2PeriphResetCmd
    stm32f4xx_syscfg.o(.text) refers to stm32f4xx_rcc.o(.text) for RCC_APB2PeriphResetCmd
    system_stm32f4xx.o(.text) refers to system_stm32f4xx.o(.data) for SystemCoreClock
    startup_stm32f4xx.o(RESET) refers to startup_stm32f4xx.o(STACK) for __initial_sp
    startup_stm32f4xx.o(RESET) refers to startup_stm32f4xx.o(.text) for Reset_Handler
    startup_stm32f4xx.o(RESET) refers to stm32f4xx_it.o(.text) for NMI_Handler
    startup_stm32f4xx.o(RESET) refers to key.o(.text) for EXTI4_IRQHandler
    startup_stm32f4xx.o(RESET) refers to usart2.o(.text) for DMA1_Stream5_IRQHandler
    startup_stm32f4xx.o(RESET) refers to can1.o(.text) for CAN1_TX_IRQHandler
    startup_stm32f4xx.o(RESET) refers to usart3.o(.text) for USART3_IRQHandler
    startup_stm32f4xx.o(RESET) refers to timer.o(.text) for TIM6_DAC_IRQHandler
    startup_stm32f4xx.o(RESET) refers to can2.o(.text) for CAN2_TX_IRQHandler
    startup_stm32f4xx.o(.text) refers to system_stm32f4xx.o(.text) for SystemInit
    startup_stm32f4xx.o(.text) refers to entry.o(.ARM.Collect$$$$00000000) for __main
    entry.o(.ARM.Collect$$$$00000000) refers (Special) to entry10a.o(.ARM.Collect$$$$0000000D) for __rt_final_cpp
    entry.o(.ARM.Collect$$$$00000000) refers (Special) to entry11a.o(.ARM.Collect$$$$0000000F) for __rt_final_exit
    entry.o(.ARM.Collect$$$$00000000) refers (Special) to entry7b.o(.ARM.Collect$$$$00000008) for _main_clock
    entry.o(.ARM.Collect$$$$00000000) refers (Special) to entry8b.o(.ARM.Collect$$$$0000000A) for _main_cpp_init
    entry.o(.ARM.Collect$$$$00000000) refers (Special) to entry9a.o(.ARM.Collect$$$$0000000B) for _main_init
    entry.o(.ARM.Collect$$$$00000000) refers (Special) to entry5.o(.ARM.Collect$$$$00000004) for _main_scatterload
    entry.o(.ARM.Collect$$$$00000000) refers (Special) to entry2.o(.ARM.Collect$$$$00000001) for _main_stk
    printfa.o(i.__0fprintf) refers (Special) to iusefp.o(.text) for __I$use$fp
    printfa.o(i.__0fprintf) refers to printfa.o(i._printf_core) for _printf_core
    printfa.o(i.__0fprintf) refers to usart3.o(.text) for fputc
    printfa.o(i.__0printf) refers (Special) to iusefp.o(.text) for __I$use$fp
    printfa.o(i.__0printf) refers to printfa.o(i._printf_core) for _printf_core
    printfa.o(i.__0printf) refers to usart3.o(.text) for fputc
    printfa.o(i.__0printf) refers to stdout.o(.data) for __stdout
    printfa.o(i.__0snprintf) refers (Special) to iusefp.o(.text) for __I$use$fp
    printfa.o(i.__0snprintf) refers to printfa.o(i._printf_core) for _printf_core
    printfa.o(i.__0snprintf) refers to printfa.o(i._snputc) for _snputc
    printfa.o(i.__0sprintf) refers (Special) to iusefp.o(.text) for __I$use$fp
    printfa.o(i.__0sprintf) refers to printfa.o(i._printf_core) for _printf_core
    printfa.o(i.__0sprintf) refers to printfa.o(i._sputc) for _sputc
    printfa.o(i.__0vfprintf) refers (Special) to iusefp.o(.text) for __I$use$fp
    printfa.o(i.__0vfprintf) refers to printfa.o(i._printf_core) for _printf_core
    printfa.o(i.__0vfprintf) refers to usart3.o(.text) for fputc
    printfa.o(i.__0vprintf) refers (Special) to iusefp.o(.text) for __I$use$fp
    printfa.o(i.__0vprintf) refers to printfa.o(i._printf_core) for _printf_core
    printfa.o(i.__0vprintf) refers to usart3.o(.text) for fputc
    printfa.o(i.__0vprintf) refers to stdout.o(.data) for __stdout
    printfa.o(i.__0vsnprintf) refers (Special) to iusefp.o(.text) for __I$use$fp
    printfa.o(i.__0vsnprintf) refers to printfa.o(i._printf_core) for _printf_core
    printfa.o(i.__0vsnprintf) refers to printfa.o(i._snputc) for _snputc
    printfa.o(i.__0vsprintf) refers (Special) to iusefp.o(.text) for __I$use$fp
    printfa.o(i.__0vsprintf) refers to printfa.o(i._printf_core) for _printf_core
    printfa.o(i.__0vsprintf) refers to printfa.o(i._sputc) for _sputc
    printfa.o(i._fp_digits) refers (Special) to iusefp.o(.text) for __I$use$fp
    printfa.o(i._fp_digits) refers to dmul.o(.text) for __aeabi_dmul
    printfa.o(i._fp_digits) refers to ddiv.o(.text) for __aeabi_ddiv
    printfa.o(i._fp_digits) refers to cdrcmple.o(.text) for __aeabi_cdrcmple
    printfa.o(i._fp_digits) refers to dadd.o(.text) for __aeabi_dadd
    printfa.o(i._fp_digits) refers to dfixul.o(.text) for __aeabi_d2ulz
    printfa.o(i._fp_digits) refers to uldiv.o(.text) for __aeabi_uldivmod
    printfa.o(i._printf_core) refers (Special) to iusefp.o(.text) for __I$use$fp
    printfa.o(i._printf_core) refers to printfa.o(i._printf_pre_padding) for _printf_pre_padding
    printfa.o(i._printf_core) refers to uldiv.o(.text) for __aeabi_uldivmod
    printfa.o(i._printf_core) refers to printfa.o(i._printf_post_padding) for _printf_post_padding
    printfa.o(i._printf_core) refers to printfa.o(i._fp_digits) for _fp_digits
    printfa.o(i._printf_core) refers to uidiv.o(.text) for __aeabi_uidivmod
    printfa.o(i._printf_post_padding) refers (Special) to iusefp.o(.text) for __I$use$fp
    printfa.o(i._printf_pre_padding) refers (Special) to iusefp.o(.text) for __I$use$fp
    printfa.o(i._snputc) refers (Special) to iusefp.o(.text) for __I$use$fp
    printfa.o(i._sputc) refers (Special) to iusefp.o(.text) for __I$use$fp
    entry2.o(.ARM.Collect$$$$00000001) refers to entry2.o(.ARM.Collect$$$$00002712) for __lit__00000000
    entry2.o(.ARM.Collect$$$$00002712) refers to startup_stm32f4xx.o(STACK) for __initial_sp
    entry2.o(__vectab_stack_and_reset_area) refers to startup_stm32f4xx.o(STACK) for __initial_sp
    entry2.o(__vectab_stack_and_reset_area) refers to entry.o(.ARM.Collect$$$$00000000) for __main
    entry5.o(.ARM.Collect$$$$00000004) refers to init.o(.text) for __scatterload
    entry9a.o(.ARM.Collect$$$$0000000B) refers to main.o(.text) for main
    entry9b.o(.ARM.Collect$$$$0000000C) refers to main.o(.text) for main
    uldiv.o(.text) refers to llushr.o(.text) for __aeabi_llsr
    uldiv.o(.text) refers to llshl.o(.text) for __aeabi_llsl
    dadd.o(.text) refers to llshl.o(.text) for __aeabi_llsl
    dadd.o(.text) refers to llsshr.o(.text) for __aeabi_lasr
    dadd.o(.text) refers to depilogue.o(.text) for _double_epilogue
    dmul.o(.text) refers to depilogue.o(.text) for _double_epilogue
    ddiv.o(.text) refers to depilogue.o(.text) for _double_round
    dfixul.o(.text) refers to llushr.o(.text) for __aeabi_llsr
    dfixul.o(.text) refers to llshl.o(.text) for __aeabi_llsl
    init.o(.text) refers to entry5.o(.ARM.Collect$$$$00000004) for __main_after_scatterload
    depilogue.o(.text) refers to llshl.o(.text) for __aeabi_llsl
    depilogue.o(.text) refers to llushr.o(.text) for __aeabi_llsr


==============================================================================

Removing Unused input sections from the image.

    Removing main.o(.rev16_text), (4 bytes).
    Removing main.o(.revsh_text), (4 bytes).
    Removing main.o(.rrx_text), (6 bytes).
    Removing stm32f4xx_it.o(.rev16_text), (4 bytes).
    Removing stm32f4xx_it.o(.revsh_text), (4 bytes).
    Removing stm32f4xx_it.o(.rrx_text), (6 bytes).
    Removing ad.o(.rev16_text), (4 bytes).
    Removing ad.o(.revsh_text), (4 bytes).
    Removing ad.o(.rrx_text), (6 bytes).
    Removing ad.o(.text), (152 bytes).
    Removing led.o(.rev16_text), (4 bytes).
    Removing led.o(.revsh_text), (4 bytes).
    Removing led.o(.rrx_text), (6 bytes).
    Removing buzzer.o(.rev16_text), (4 bytes).
    Removing buzzer.o(.revsh_text), (4 bytes).
    Removing buzzer.o(.rrx_text), (6 bytes).
    Removing delay.o(.rev16_text), (4 bytes).
    Removing delay.o(.revsh_text), (4 bytes).
    Removing delay.o(.rrx_text), (6 bytes).
    Removing delay.o(.text), (54 bytes).
    Removing pwm.o(.rev16_text), (4 bytes).
    Removing pwm.o(.revsh_text), (4 bytes).
    Removing pwm.o(.rrx_text), (6 bytes).
    Removing pwm.o(.text), (212 bytes).
    Removing timer.o(.rev16_text), (4 bytes).
    Removing timer.o(.revsh_text), (4 bytes).
    Removing timer.o(.rrx_text), (6 bytes).
    Removing can1.o(.rev16_text), (4 bytes).
    Removing can1.o(.revsh_text), (4 bytes).
    Removing can1.o(.rrx_text), (6 bytes).
    Removing can2.o(.rev16_text), (4 bytes).
    Removing can2.o(.revsh_text), (4 bytes).
    Removing can2.o(.rrx_text), (6 bytes).
    Removing usart2.o(.rev16_text), (4 bytes).
    Removing usart2.o(.revsh_text), (4 bytes).
    Removing usart2.o(.rrx_text), (6 bytes).
    Removing usart3.o(.rev16_text), (4 bytes).
    Removing usart3.o(.revsh_text), (4 bytes).
    Removing usart3.o(.rrx_text), (6 bytes).
    Removing oled.o(.rev16_text), (4 bytes).
    Removing oled.o(.revsh_text), (4 bytes).
    Removing oled.o(.rrx_text), (6 bytes).
    Removing oled.o(.text), (1124 bytes).
    Removing oled.o(.bss), (128 bytes).
    Removing oled.o(.constdata), (1520 bytes).
    Removing oled.o(.data), (4 bytes).
    Removing key.o(.rev16_text), (4 bytes).
    Removing key.o(.revsh_text), (4 bytes).
    Removing key.o(.rrx_text), (6 bytes).
    Removing encoder.o(.rev16_text), (4 bytes).
    Removing encoder.o(.revsh_text), (4 bytes).
    Removing encoder.o(.rrx_text), (6 bytes).
    Removing misc.o(.rev16_text), (4 bytes).
    Removing misc.o(.revsh_text), (4 bytes).
    Removing misc.o(.rrx_text), (6 bytes).
    Removing stm32f4xx_tim.o(.rev16_text), (4 bytes).
    Removing stm32f4xx_tim.o(.revsh_text), (4 bytes).
    Removing stm32f4xx_tim.o(.rrx_text), (6 bytes).
    Removing stm32f4xx_adc.o(.rev16_text), (4 bytes).
    Removing stm32f4xx_adc.o(.revsh_text), (4 bytes).
    Removing stm32f4xx_adc.o(.rrx_text), (6 bytes).
    Removing stm32f4xx_adc.o(.text), (1124 bytes).
    Removing stm32f4xx_rcc.o(.rev16_text), (4 bytes).
    Removing stm32f4xx_rcc.o(.revsh_text), (4 bytes).
    Removing stm32f4xx_rcc.o(.rrx_text), (6 bytes).
    Removing stm32f4xx_can.o(.rev16_text), (4 bytes).
    Removing stm32f4xx_can.o(.revsh_text), (4 bytes).
    Removing stm32f4xx_can.o(.rrx_text), (6 bytes).
    Removing stm32f4xx_exti.o(.rev16_text), (4 bytes).
    Removing stm32f4xx_exti.o(.revsh_text), (4 bytes).
    Removing stm32f4xx_exti.o(.rrx_text), (6 bytes).
    Removing stm32f4xx_gpio.o(.rev16_text), (4 bytes).
    Removing stm32f4xx_gpio.o(.revsh_text), (4 bytes).
    Removing stm32f4xx_gpio.o(.rrx_text), (6 bytes).
    Removing stm32f4xx_dma.o(.rev16_text), (4 bytes).
    Removing stm32f4xx_dma.o(.revsh_text), (4 bytes).
    Removing stm32f4xx_dma.o(.rrx_text), (6 bytes).
    Removing stm32f4xx_usart.o(.rev16_text), (4 bytes).
    Removing stm32f4xx_usart.o(.revsh_text), (4 bytes).
    Removing stm32f4xx_usart.o(.rrx_text), (6 bytes).
    Removing stm32f4xx_syscfg.o(.rev16_text), (4 bytes).
    Removing stm32f4xx_syscfg.o(.revsh_text), (4 bytes).
    Removing stm32f4xx_syscfg.o(.rrx_text), (6 bytes).
    Removing system_stm32f4xx.o(.rev16_text), (4 bytes).
    Removing system_stm32f4xx.o(.revsh_text), (4 bytes).
    Removing system_stm32f4xx.o(.rrx_text), (6 bytes).
    Removing startup_stm32f4xx.o(HEAP), (512 bytes).
    Removing dadd.o(.text), (334 bytes).
    Removing dmul.o(.text), (228 bytes).
    Removing ddiv.o(.text), (222 bytes).
    Removing dfixul.o(.text), (48 bytes).
    Removing cdrcmple.o(.text), (48 bytes).
    Removing depilogue.o(.text), (186 bytes).

93 unused section(s) (total 6260 bytes) removed from the image.

==============================================================================

Image Symbol Table

    Local Symbols

    Symbol Name                              Value     Ov Type        Size  Object(Section)

    ../clib/microlib/division.c              0x00000000   Number         0  uldiv.o ABSOLUTE
    ../clib/microlib/division.c              0x00000000   Number         0  uidiv.o ABSOLUTE
    ../clib/microlib/init/entry.s            0x00000000   Number         0  entry.o ABSOLUTE
    ../clib/microlib/init/entry.s            0x00000000   Number         0  entry11b.o ABSOLUTE
    ../clib/microlib/init/entry.s            0x00000000   Number         0  entry11a.o ABSOLUTE
    ../clib/microlib/init/entry.s            0x00000000   Number         0  entry10b.o ABSOLUTE
    ../clib/microlib/init/entry.s            0x00000000   Number         0  entry7a.o ABSOLUTE
    ../clib/microlib/init/entry.s            0x00000000   Number         0  entry5.o ABSOLUTE
    ../clib/microlib/init/entry.s            0x00000000   Number         0  entry10a.o ABSOLUTE
    ../clib/microlib/init/entry.s            0x00000000   Number         0  entry2.o ABSOLUTE
    ../clib/microlib/init/entry.s            0x00000000   Number         0  entry9b.o ABSOLUTE
    ../clib/microlib/init/entry.s            0x00000000   Number         0  entry9a.o ABSOLUTE
    ../clib/microlib/init/entry.s            0x00000000   Number         0  entry8b.o ABSOLUTE
    ../clib/microlib/init/entry.s            0x00000000   Number         0  entry8a.o ABSOLUTE
    ../clib/microlib/init/entry.s            0x00000000   Number         0  entry7b.o ABSOLUTE
    ../clib/microlib/longlong.c              0x00000000   Number         0  llsshr.o ABSOLUTE
    ../clib/microlib/longlong.c              0x00000000   Number         0  llushr.o ABSOLUTE
    ../clib/microlib/longlong.c              0x00000000   Number         0  llshl.o ABSOLUTE
    ../clib/microlib/printf/printf.c         0x00000000   Number         0  printfa.o ABSOLUTE
    ../clib/microlib/stdio/streams.c         0x00000000   Number         0  stdout.o ABSOLUTE
    ../clib/microlib/string/strlen.c         0x00000000   Number         0  strlen.o ABSOLUTE
    ../clib/microlib/stubs.s                 0x00000000   Number         0  iusefp.o ABSOLUTE
    ../fplib/microlib/fpadd.c                0x00000000   Number         0  dadd.o ABSOLUTE
    ../fplib/microlib/fpdiv.c                0x00000000   Number         0  ddiv.o ABSOLUTE
    ../fplib/microlib/fpepilogue.c           0x00000000   Number         0  depilogue.o ABSOLUTE
    ../fplib/microlib/fpfix.c                0x00000000   Number         0  dfixul.o ABSOLUTE
    ../fplib/microlib/fpmul.c                0x00000000   Number         0  dmul.o ABSOLUTE
    ..\Libraries\misc.c                      0x00000000   Number         0  misc.o ABSOLUTE
    ..\Libraries\startup_stm32f4xx.s         0x00000000   Number         0  startup_stm32f4xx.o ABSOLUTE
    ..\Libraries\stm32f4xx_adc.c             0x00000000   Number         0  stm32f4xx_adc.o ABSOLUTE
    ..\Libraries\stm32f4xx_can.c             0x00000000   Number         0  stm32f4xx_can.o ABSOLUTE
    ..\Libraries\stm32f4xx_dma.c             0x00000000   Number         0  stm32f4xx_dma.o ABSOLUTE
    ..\Libraries\stm32f4xx_exti.c            0x00000000   Number         0  stm32f4xx_exti.o ABSOLUTE
    ..\Libraries\stm32f4xx_gpio.c            0x00000000   Number         0  stm32f4xx_gpio.o ABSOLUTE
    ..\Libraries\stm32f4xx_rcc.c             0x00000000   Number         0  stm32f4xx_rcc.o ABSOLUTE
    ..\Libraries\stm32f4xx_syscfg.c          0x00000000   Number         0  stm32f4xx_syscfg.o ABSOLUTE
    ..\Libraries\stm32f4xx_tim.c             0x00000000   Number         0  stm32f4xx_tim.o ABSOLUTE
    ..\Libraries\stm32f4xx_usart.c           0x00000000   Number         0  stm32f4xx_usart.o ABSOLUTE
    ..\Libraries\system_stm32f4xx.c          0x00000000   Number         0  system_stm32f4xx.o ABSOLUTE
    ..\Mylib\ad.c                            0x00000000   Number         0  ad.o ABSOLUTE
    ..\Mylib\buzzer.c                        0x00000000   Number         0  buzzer.o ABSOLUTE
    ..\Mylib\can1.c                          0x00000000   Number         0  can1.o ABSOLUTE
    ..\Mylib\can2.c                          0x00000000   Number         0  can2.o ABSOLUTE
    ..\Mylib\delay.c                         0x00000000   Number         0  delay.o ABSOLUTE
    ..\Mylib\encoder.c                       0x00000000   Number         0  encoder.o ABSOLUTE
    ..\Mylib\key.c                           0x00000000   Number         0  key.o ABSOLUTE
    ..\Mylib\led.c                           0x00000000   Number         0  led.o ABSOLUTE
    ..\Mylib\oled.c                          0x00000000   Number         0  oled.o ABSOLUTE
    ..\Mylib\pwm.c                           0x00000000   Number         0  pwm.o ABSOLUTE
    ..\Mylib\timer.c                         0x00000000   Number         0  timer.o ABSOLUTE
    ..\Mylib\usart2.c                        0x00000000   Number         0  usart2.o ABSOLUTE
    ..\Mylib\usart3.c                        0x00000000   Number         0  usart3.o ABSOLUTE
    ..\User\main.c                           0x00000000   Number         0  main.o ABSOLUTE
    ..\User\stm32f4xx_it.c                   0x00000000   Number         0  stm32f4xx_it.o ABSOLUTE
    ..\\Libraries\\misc.c                    0x00000000   Number         0  misc.o ABSOLUTE
    ..\\Libraries\\stm32f4xx_adc.c           0x00000000   Number         0  stm32f4xx_adc.o ABSOLUTE
    ..\\Libraries\\stm32f4xx_can.c           0x00000000   Number         0  stm32f4xx_can.o ABSOLUTE
    ..\\Libraries\\stm32f4xx_dma.c           0x00000000   Number         0  stm32f4xx_dma.o ABSOLUTE
    ..\\Libraries\\stm32f4xx_exti.c          0x00000000   Number         0  stm32f4xx_exti.o ABSOLUTE
    ..\\Libraries\\stm32f4xx_gpio.c          0x00000000   Number         0  stm32f4xx_gpio.o ABSOLUTE
    ..\\Libraries\\stm32f4xx_rcc.c           0x00000000   Number         0  stm32f4xx_rcc.o ABSOLUTE
    ..\\Libraries\\stm32f4xx_syscfg.c        0x00000000   Number         0  stm32f4xx_syscfg.o ABSOLUTE
    ..\\Libraries\\stm32f4xx_tim.c           0x00000000   Number         0  stm32f4xx_tim.o ABSOLUTE
    ..\\Libraries\\stm32f4xx_usart.c         0x00000000   Number         0  stm32f4xx_usart.o ABSOLUTE
    ..\\Libraries\\system_stm32f4xx.c        0x00000000   Number         0  system_stm32f4xx.o ABSOLUTE
    ..\\Mylib\\ad.c                          0x00000000   Number         0  ad.o ABSOLUTE
    ..\\Mylib\\buzzer.c                      0x00000000   Number         0  buzzer.o ABSOLUTE
    ..\\Mylib\\can1.c                        0x00000000   Number         0  can1.o ABSOLUTE
    ..\\Mylib\\can2.c                        0x00000000   Number         0  can2.o ABSOLUTE
    ..\\Mylib\\delay.c                       0x00000000   Number         0  delay.o ABSOLUTE
    ..\\Mylib\\encoder.c                     0x00000000   Number         0  encoder.o ABSOLUTE
    ..\\Mylib\\key.c                         0x00000000   Number         0  key.o ABSOLUTE
    ..\\Mylib\\led.c                         0x00000000   Number         0  led.o ABSOLUTE
    ..\\Mylib\\oled.c                        0x00000000   Number         0  oled.o ABSOLUTE
    ..\\Mylib\\pwm.c                         0x00000000   Number         0  pwm.o ABSOLUTE
    ..\\Mylib\\timer.c                       0x00000000   Number         0  timer.o ABSOLUTE
    ..\\Mylib\\usart2.c                      0x00000000   Number         0  usart2.o ABSOLUTE
    ..\\Mylib\\usart3.c                      0x00000000   Number         0  usart3.o ABSOLUTE
    ..\\User\\main.c                         0x00000000   Number         0  main.o ABSOLUTE
    ..\\User\\stm32f4xx_it.c                 0x00000000   Number         0  stm32f4xx_it.o ABSOLUTE
    cdrcmple.s                               0x00000000   Number         0  cdrcmple.o ABSOLUTE
    dc.s                                     0x00000000   Number         0  dc.o ABSOLUTE
    handlers.s                               0x00000000   Number         0  handlers.o ABSOLUTE
    init.s                                   0x00000000   Number         0  init.o ABSOLUTE
    RESET                                    0x08000000   Section      392  startup_stm32f4xx.o(RESET)
    .ARM.Collect$$$$00000000                 0x08000188   Section        0  entry.o(.ARM.Collect$$$$00000000)
    .ARM.Collect$$$$00000001                 0x08000188   Section        4  entry2.o(.ARM.Collect$$$$00000001)
    .ARM.Collect$$$$00000004                 0x0800018c   Section        4  entry5.o(.ARM.Collect$$$$00000004)
    .ARM.Collect$$$$00000008                 0x08000190   Section        0  entry7b.o(.ARM.Collect$$$$00000008)
    .ARM.Collect$$$$0000000A                 0x08000190   Section        0  entry8b.o(.ARM.Collect$$$$0000000A)
    .ARM.Collect$$$$0000000B                 0x08000190   Section        8  entry9a.o(.ARM.Collect$$$$0000000B)
    .ARM.Collect$$$$0000000D                 0x08000198   Section        0  entry10a.o(.ARM.Collect$$$$0000000D)
    .ARM.Collect$$$$0000000F                 0x08000198   Section        0  entry11a.o(.ARM.Collect$$$$0000000F)
    .ARM.Collect$$$$00002712                 0x08000198   Section        4  entry2.o(.ARM.Collect$$$$00002712)
    __lit__00000000                          0x08000198   Data           4  entry2.o(.ARM.Collect$$$$00002712)
    .text                                    0x0800019c   Section        0  main.o(.text)
    .text                                    0x0800069c   Section        0  stm32f4xx_it.o(.text)
    .text                                    0x080006b4   Section        0  led.o(.text)
    .text                                    0x080006f4   Section        0  buzzer.o(.text)
    .text                                    0x0800072c   Section        0  timer.o(.text)
    .text                                    0x080007c0   Section        0  can1.o(.text)
    .text                                    0x08000af4   Section        0  can2.o(.text)
    .text                                    0x08000c88   Section        0  usart2.o(.text)
    .text                                    0x08000f00   Section        0  usart3.o(.text)
    .text                                    0x08001198   Section        0  key.o(.text)
    .text                                    0x08001228   Section        0  encoder.o(.text)
    .text                                    0x08001314   Section        0  misc.o(.text)
    .text                                    0x080013f4   Section        0  stm32f4xx_tim.o(.text)
    TI4_Config                               0x08001b93   Thumb Code    80  stm32f4xx_tim.o(.text)
    TI3_Config                               0x08001bf5   Thumb Code    72  stm32f4xx_tim.o(.text)
    TI2_Config                               0x08001c57   Thumb Code    90  stm32f4xx_tim.o(.text)
    TI1_Config                               0x08001cc3   Thumb Code    58  stm32f4xx_tim.o(.text)
    .text                                    0x08002098   Section        0  stm32f4xx_rcc.o(.text)
    .text                                    0x08002620   Section        0  stm32f4xx_can.o(.text)
    CheckITStatus                            0x08002e23   Thumb Code    18  stm32f4xx_can.o(.text)
    .text                                    0x08003010   Section        0  stm32f4xx_exti.o(.text)
    .text                                    0x0800312c   Section        0  stm32f4xx_gpio.o(.text)
    .text                                    0x08003388   Section        0  stm32f4xx_dma.o(.text)
    .text                                    0x08003730   Section        0  stm32f4xx_usart.o(.text)
    .text                                    0x08003b4c   Section        0  stm32f4xx_syscfg.o(.text)
    .text                                    0x08003bd8   Section        0  system_stm32f4xx.o(.text)
    SetSysClock                              0x08003bd9   Thumb Code   220  system_stm32f4xx.o(.text)
    .text                                    0x08003de8   Section       36  startup_stm32f4xx.o(.text)
    $v0                                      0x08003de8   Number         0  startup_stm32f4xx.o(.text)
    .text                                    0x08003e0c   Section       36  init.o(.text)
    i.__scatterload_copy                     0x08003e30   Section       14  handlers.o(i.__scatterload_copy)
    i.__scatterload_null                     0x08003e3e   Section        2  handlers.o(i.__scatterload_null)
    i.__scatterload_zeroinit                 0x08003e40   Section       14  handlers.o(i.__scatterload_zeroinit)
    .data                                    0x20000000   Section       24  main.o(.data)
    l_p                                      0x2000000c   Data           4  main.o(.data)
    l_i                                      0x20000010   Data           4  main.o(.data)
    l_d                                      0x20000014   Data           4  main.o(.data)
    .data                                    0x20000018   Section        8  can1.o(.data)
    can_count                                0x2000001c   Data           4  can1.o(.data)
    .data                                    0x20000020   Section        8  can2.o(.data)
    .data                                    0x20000028   Section        8  usart3.o(.data)
    .data                                    0x20000030   Section       16  stm32f4xx_rcc.o(.data)
    APBAHBPrescTable                         0x20000030   Data          16  stm32f4xx_rcc.o(.data)
    .data                                    0x20000040   Section       20  system_stm32f4xx.o(.data)
    .bss                                     0x20000054   Section      120  main.o(.bss)
    .bss                                     0x200000cc   Section      376  can1.o(.bss)
    .bss                                     0x20000244   Section       38  usart2.o(.bss)
    .bss                                     0x2000026c   Section       44  usart3.o(.bss)
    STACK                                    0x20000298   Section     1024  startup_stm32f4xx.o(STACK)

    Global Symbols

    Symbol Name                              Value     Ov Type        Size  Object(Section)

    BuildAttributes$$THM_ISAv4$E$P$D$K$B$S$7EM$VFPi3$EXTD16$VFPS$VFMA$PE$A:L22UL41UL21$X:L11$S22US41US21$IEEE1$IW$USESV6$~STKCKD$USESV7$~SHL$OSPACE$ROPI$EBA8$MICROLIB$REQ8$PRES8$EABIv2 0x00000000   Number         0  anon$$obj.o ABSOLUTE
    __ARM_use_no_argv                        0x00000000   Number         0  main.o ABSOLUTE
    __cpp_initialize__aeabi_                  - Undefined Weak Reference
    __cxa_finalize                            - Undefined Weak Reference
    __decompress                              - Undefined Weak Reference
    _clock_init                               - Undefined Weak Reference
    _microlib_exit                            - Undefined Weak Reference
    __Vectors_Size                           0x00000188   Number         0  startup_stm32f4xx.o ABSOLUTE
    __Vectors                                0x08000000   Data           4  startup_stm32f4xx.o(RESET)
    __Vectors_End                            0x08000188   Data           0  startup_stm32f4xx.o(RESET)
    __main                                   0x08000189   Thumb Code     0  entry.o(.ARM.Collect$$$$00000000)
    _main_stk                                0x08000189   Thumb Code     0  entry2.o(.ARM.Collect$$$$00000001)
    _main_scatterload                        0x0800018d   Thumb Code     0  entry5.o(.ARM.Collect$$$$00000004)
    __main_after_scatterload                 0x08000191   Thumb Code     0  entry5.o(.ARM.Collect$$$$00000004)
    _main_clock                              0x08000191   Thumb Code     0  entry7b.o(.ARM.Collect$$$$00000008)
    _main_cpp_init                           0x08000191   Thumb Code     0  entry8b.o(.ARM.Collect$$$$0000000A)
    _main_init                               0x08000191   Thumb Code     0  entry9a.o(.ARM.Collect$$$$0000000B)
    __rt_final_cpp                           0x08000199   Thumb Code     0  entry10a.o(.ARM.Collect$$$$0000000D)
    __rt_final_exit                          0x08000199   Thumb Code     0  entry11a.o(.ARM.Collect$$$$0000000F)
    HARD_WARE_init                           0x0800019d   Thumb Code    36  main.o(.text)
    PID_Control_Function                     0x080001c1   Thumb Code   648  main.o(.text)
    main                                     0x08000449   Thumb Code   560  main.o(.text)
    NMI_Handler                              0x0800069d   Thumb Code     2  stm32f4xx_it.o(.text)
    HardFault_Handler                        0x0800069f   Thumb Code     4  stm32f4xx_it.o(.text)
    MemManage_Handler                        0x080006a3   Thumb Code     4  stm32f4xx_it.o(.text)
    BusFault_Handler                         0x080006a7   Thumb Code     4  stm32f4xx_it.o(.text)
    UsageFault_Handler                       0x080006ab   Thumb Code     4  stm32f4xx_it.o(.text)
    SVC_Handler                              0x080006af   Thumb Code     2  stm32f4xx_it.o(.text)
    DebugMon_Handler                         0x080006b1   Thumb Code     2  stm32f4xx_it.o(.text)
    PendSV_Handler                           0x080006b3   Thumb Code     2  stm32f4xx_it.o(.text)
    Led_Configuration                        0x080006b5   Thumb Code    58  led.o(.text)
    Buzzer_Configuration                     0x080006f5   Thumb Code    50  buzzer.o(.text)
    TIM6_Configuration                       0x0800072d   Thumb Code    70  timer.o(.text)
    TIM6_Start                               0x08000773   Thumb Code    30  timer.o(.text)
    TIM6_DAC_IRQHandler                      0x08000791   Thumb Code    40  timer.o(.text)
    CAN1_Configuration                       0x080007c1   Thumb Code   264  can1.o(.text)
    Set_CM_Speed                             0x080008c9   Thumb Code    94  can1.o(.text)
    CAN1_TX_IRQHandler                       0x08000927   Thumb Code    22  can1.o(.text)
    GetEncoderBias                           0x0800093d   Thumb Code    26  can1.o(.text)
    EncoderProcess                           0x08000957   Thumb Code   146  can1.o(.text)
    CAN1_RX0_IRQHandler                      0x080009e9   Thumb Code   226  can1.o(.text)
    CAN2_Configuration                       0x08000af5   Thumb Code   266  can2.o(.text)
    CAN2_TX_IRQHandler                       0x08000bff   Thumb Code    22  can2.o(.text)
    CAN2_RX0_IRQHandler                      0x08000c15   Thumb Code   100  can2.o(.text)
    USART2_Configuration                     0x08000c89   Thumb Code   256  usart2.o(.text)
    Control_Moto                             0x08000d89   Thumb Code   212  usart2.o(.text)
    DMA1_Stream5_IRQHandler                  0x08000e5d   Thumb Code   112  usart2.o(.text)
    USART3_Configuration                     0x08000f01   Thumb Code   170  usart3.o(.text)
    USART3_SendChar                          0x08000fab   Thumb Code    28  usart3.o(.text)
    fputc                                    0x08000fc7   Thumb Code    32  usart3.o(.text)
    shanwai_send_data1                       0x08000fe7   Thumb Code    48  usart3.o(.text)
    RGB_Led                                  0x08001017   Thumb Code   112  usart3.o(.text)
    USART3_IRQHandler                        0x08001087   Thumb Code   184  usart3.o(.text)
    Usart_Send_Char                          0x0800113f   Thumb Code    52  usart3.o(.text)
    KEY_Configuration                        0x08001199   Thumb Code   122  key.o(.text)
    EXTI4_IRQHandler                         0x08001213   Thumb Code    18  key.o(.text)
    RGBLed_Configuration                     0x08001229   Thumb Code    80  encoder.o(.text)
    RGB_Led_Control                          0x08001279   Thumb Code   148  encoder.o(.text)
    NVIC_PriorityGroupConfig                 0x08001315   Thumb Code    10  misc.o(.text)
    NVIC_Init                                0x0800131f   Thumb Code   106  misc.o(.text)
    NVIC_SetVectorTable                      0x08001389   Thumb Code    14  misc.o(.text)
    NVIC_SystemLPConfig                      0x08001397   Thumb Code    34  misc.o(.text)
    SysTick_CLKSourceConfig                  0x080013b9   Thumb Code    40  misc.o(.text)
    TIM_DeInit                               0x080013f5   Thumb Code   346  stm32f4xx_tim.o(.text)
    TIM_TimeBaseInit                         0x0800154f   Thumb Code   104  stm32f4xx_tim.o(.text)
    TIM_TimeBaseStructInit                   0x080015b7   Thumb Code    18  stm32f4xx_tim.o(.text)
    TIM_PrescalerConfig                      0x080015c9   Thumb Code     6  stm32f4xx_tim.o(.text)
    TIM_CounterModeConfig                    0x080015cf   Thumb Code    18  stm32f4xx_tim.o(.text)
    TIM_SetCounter                           0x080015e1   Thumb Code     4  stm32f4xx_tim.o(.text)
    TIM_SetAutoreload                        0x080015e5   Thumb Code     4  stm32f4xx_tim.o(.text)
    TIM_GetCounter                           0x080015e9   Thumb Code     6  stm32f4xx_tim.o(.text)
    TIM_GetPrescaler                         0x080015ef   Thumb Code     6  stm32f4xx_tim.o(.text)
    TIM_UpdateDisableConfig                  0x080015f5   Thumb Code    24  stm32f4xx_tim.o(.text)
    TIM_UpdateRequestConfig                  0x0800160d   Thumb Code    24  stm32f4xx_tim.o(.text)
    TIM_ARRPreloadConfig                     0x08001625   Thumb Code    24  stm32f4xx_tim.o(.text)
    TIM_SelectOnePulseMode                   0x0800163d   Thumb Code    18  stm32f4xx_tim.o(.text)
    TIM_SetClockDivision                     0x0800164f   Thumb Code    18  stm32f4xx_tim.o(.text)
    TIM_Cmd                                  0x08001661   Thumb Code    24  stm32f4xx_tim.o(.text)
    TIM_OC1Init                              0x08001679   Thumb Code   114  stm32f4xx_tim.o(.text)
    TIM_OC2Init                              0x080016eb   Thumb Code   154  stm32f4xx_tim.o(.text)
    TIM_OC3Init                              0x08001785   Thumb Code   204  stm32f4xx_tim.o(.text)
    TIM_OC4Init                              0x08001851   Thumb Code   112  stm32f4xx_tim.o(.text)
    TIM_OCStructInit                         0x080018c1   Thumb Code    20  stm32f4xx_tim.o(.text)
    TIM_SelectOCxM                           0x080018d5   Thumb Code    86  stm32f4xx_tim.o(.text)
    TIM_SetCompare1                          0x0800192b   Thumb Code     4  stm32f4xx_tim.o(.text)
    TIM_SetCompare2                          0x0800192f   Thumb Code     4  stm32f4xx_tim.o(.text)
    TIM_SetCompare3                          0x08001933   Thumb Code     4  stm32f4xx_tim.o(.text)
    TIM_SetCompare4                          0x08001937   Thumb Code     4  stm32f4xx_tim.o(.text)
    TIM_ForcedOC1Config                      0x0800193b   Thumb Code    18  stm32f4xx_tim.o(.text)
    TIM_ForcedOC2Config                      0x0800194d   Thumb Code    26  stm32f4xx_tim.o(.text)
    TIM_ForcedOC3Config                      0x08001967   Thumb Code    18  stm32f4xx_tim.o(.text)
    TIM_ForcedOC4Config                      0x08001979   Thumb Code    26  stm32f4xx_tim.o(.text)
    TIM_OC1PreloadConfig                     0x08001993   Thumb Code    18  stm32f4xx_tim.o(.text)
    TIM_OC2PreloadConfig                     0x080019a5   Thumb Code    26  stm32f4xx_tim.o(.text)
    TIM_OC3PreloadConfig                     0x080019bf   Thumb Code    18  stm32f4xx_tim.o(.text)
    TIM_OC4PreloadConfig                     0x080019d1   Thumb Code    26  stm32f4xx_tim.o(.text)
    TIM_OC1FastConfig                        0x080019eb   Thumb Code    18  stm32f4xx_tim.o(.text)
    TIM_OC2FastConfig                        0x080019fd   Thumb Code    26  stm32f4xx_tim.o(.text)
    TIM_OC3FastConfig                        0x08001a17   Thumb Code    18  stm32f4xx_tim.o(.text)
    TIM_OC4FastConfig                        0x08001a29   Thumb Code    26  stm32f4xx_tim.o(.text)
    TIM_ClearOC1Ref                          0x08001a43   Thumb Code    18  stm32f4xx_tim.o(.text)
    TIM_ClearOC2Ref                          0x08001a55   Thumb Code    24  stm32f4xx_tim.o(.text)
    TIM_ClearOC3Ref                          0x08001a6d   Thumb Code    18  stm32f4xx_tim.o(.text)
    TIM_ClearOC4Ref                          0x08001a7f   Thumb Code    24  stm32f4xx_tim.o(.text)
    TIM_OC1PolarityConfig                    0x08001a97   Thumb Code    18  stm32f4xx_tim.o(.text)
    TIM_OC1NPolarityConfig                   0x08001aa9   Thumb Code    18  stm32f4xx_tim.o(.text)
    TIM_OC2PolarityConfig                    0x08001abb   Thumb Code    26  stm32f4xx_tim.o(.text)
    TIM_OC2NPolarityConfig                   0x08001ad5   Thumb Code    26  stm32f4xx_tim.o(.text)
    TIM_OC3PolarityConfig                    0x08001aef   Thumb Code    26  stm32f4xx_tim.o(.text)
    TIM_OC3NPolarityConfig                   0x08001b09   Thumb Code    26  stm32f4xx_tim.o(.text)
    TIM_OC4PolarityConfig                    0x08001b23   Thumb Code    26  stm32f4xx_tim.o(.text)
    TIM_CCxCmd                               0x08001b3d   Thumb Code    30  stm32f4xx_tim.o(.text)
    TIM_CCxNCmd                              0x08001b5b   Thumb Code    30  stm32f4xx_tim.o(.text)
    TIM_SetIC4Prescaler                      0x08001b79   Thumb Code    26  stm32f4xx_tim.o(.text)
    TIM_SetIC3Prescaler                      0x08001be3   Thumb Code    18  stm32f4xx_tim.o(.text)
    TIM_SetIC2Prescaler                      0x08001c3d   Thumb Code    26  stm32f4xx_tim.o(.text)
    TIM_SetIC1Prescaler                      0x08001cb1   Thumb Code    18  stm32f4xx_tim.o(.text)
    TIM_ICInit                               0x08001cfd   Thumb Code   110  stm32f4xx_tim.o(.text)
    TIM_ICStructInit                         0x08001d6b   Thumb Code    18  stm32f4xx_tim.o(.text)
    TIM_PWMIConfig                           0x08001d7d   Thumb Code   124  stm32f4xx_tim.o(.text)
    TIM_GetCapture1                          0x08001df9   Thumb Code     6  stm32f4xx_tim.o(.text)
    TIM_GetCapture2                          0x08001dff   Thumb Code     6  stm32f4xx_tim.o(.text)
    TIM_GetCapture3                          0x08001e05   Thumb Code     6  stm32f4xx_tim.o(.text)
    TIM_GetCapture4                          0x08001e0b   Thumb Code     6  stm32f4xx_tim.o(.text)
    TIM_BDTRConfig                           0x08001e11   Thumb Code    32  stm32f4xx_tim.o(.text)
    TIM_BDTRStructInit                       0x08001e31   Thumb Code    18  stm32f4xx_tim.o(.text)
    TIM_CtrlPWMOutputs                       0x08001e43   Thumb Code    30  stm32f4xx_tim.o(.text)
    TIM_SelectCOM                            0x08001e61   Thumb Code    24  stm32f4xx_tim.o(.text)
    TIM_CCPreloadControl                     0x08001e79   Thumb Code    24  stm32f4xx_tim.o(.text)
    TIM_ITConfig                             0x08001e91   Thumb Code    18  stm32f4xx_tim.o(.text)
    TIM_GenerateEvent                        0x08001ea3   Thumb Code     4  stm32f4xx_tim.o(.text)
    TIM_GetFlagStatus                        0x08001ea7   Thumb Code    18  stm32f4xx_tim.o(.text)
    TIM_ClearFlag                            0x08001eb9   Thumb Code     6  stm32f4xx_tim.o(.text)
    TIM_GetITStatus                          0x08001ebf   Thumb Code    34  stm32f4xx_tim.o(.text)
    TIM_ClearITPendingBit                    0x08001ee1   Thumb Code     6  stm32f4xx_tim.o(.text)
    TIM_DMAConfig                            0x08001ee7   Thumb Code    10  stm32f4xx_tim.o(.text)
    TIM_DMACmd                               0x08001ef1   Thumb Code    18  stm32f4xx_tim.o(.text)
    TIM_SelectCCDMA                          0x08001f03   Thumb Code    24  stm32f4xx_tim.o(.text)
    TIM_InternalClockConfig                  0x08001f1b   Thumb Code    12  stm32f4xx_tim.o(.text)
    TIM_SelectInputTrigger                   0x08001f27   Thumb Code    18  stm32f4xx_tim.o(.text)
    TIM_ITRxExternalClockConfig              0x08001f39   Thumb Code    24  stm32f4xx_tim.o(.text)
    TIM_TIxExternalClockConfig               0x08001f51   Thumb Code    62  stm32f4xx_tim.o(.text)
    TIM_ETRConfig                            0x08001f8f   Thumb Code    28  stm32f4xx_tim.o(.text)
    TIM_ETRClockMode1Config                  0x08001fab   Thumb Code    54  stm32f4xx_tim.o(.text)
    TIM_ETRClockMode2Config                  0x08001fe1   Thumb Code    32  stm32f4xx_tim.o(.text)
    TIM_SelectOutputTrigger                  0x08002001   Thumb Code    18  stm32f4xx_tim.o(.text)
    TIM_SelectSlaveMode                      0x08002013   Thumb Code    18  stm32f4xx_tim.o(.text)
    TIM_SelectMasterSlaveMode                0x08002025   Thumb Code    18  stm32f4xx_tim.o(.text)
    TIM_EncoderInterfaceConfig               0x08002037   Thumb Code    66  stm32f4xx_tim.o(.text)
    TIM_SelectHallSensor                     0x08002079   Thumb Code    24  stm32f4xx_tim.o(.text)
    TIM_RemapConfig                          0x08002091   Thumb Code     6  stm32f4xx_tim.o(.text)
    RCC_DeInit                               0x08002099   Thumb Code    60  stm32f4xx_rcc.o(.text)
    RCC_HSEConfig                            0x080020d5   Thumb Code    14  stm32f4xx_rcc.o(.text)
    RCC_GetFlagStatus                        0x080020e3   Thumb Code    60  stm32f4xx_rcc.o(.text)
    RCC_WaitForHSEStartUp                    0x0800211f   Thumb Code    56  stm32f4xx_rcc.o(.text)
    RCC_AdjustHSICalibrationValue            0x08002157   Thumb Code    20  stm32f4xx_rcc.o(.text)
    RCC_HSICmd                               0x0800216b   Thumb Code     6  stm32f4xx_rcc.o(.text)
    RCC_LSEConfig                            0x08002171   Thumb Code    46  stm32f4xx_rcc.o(.text)
    RCC_LSICmd                               0x0800219f   Thumb Code     6  stm32f4xx_rcc.o(.text)
    RCC_PLLConfig                            0x080021a5   Thumb Code    32  stm32f4xx_rcc.o(.text)
    RCC_PLLCmd                               0x080021c5   Thumb Code     6  stm32f4xx_rcc.o(.text)
    RCC_PLLI2SConfig                         0x080021cb   Thumb Code    14  stm32f4xx_rcc.o(.text)
    RCC_PLLI2SCmd                            0x080021d9   Thumb Code     6  stm32f4xx_rcc.o(.text)
    RCC_ClockSecuritySystemCmd               0x080021df   Thumb Code     6  stm32f4xx_rcc.o(.text)
    RCC_MCO1Config                           0x080021e5   Thumb Code    28  stm32f4xx_rcc.o(.text)
    RCC_MCO2Config                           0x08002201   Thumb Code    28  stm32f4xx_rcc.o(.text)
    RCC_SYSCLKConfig                         0x0800221d   Thumb Code    20  stm32f4xx_rcc.o(.text)
    RCC_GetSYSCLKSource                      0x08002231   Thumb Code    12  stm32f4xx_rcc.o(.text)
    RCC_HCLKConfig                           0x0800223d   Thumb Code    20  stm32f4xx_rcc.o(.text)
    RCC_PCLK1Config                          0x08002251   Thumb Code    20  stm32f4xx_rcc.o(.text)
    RCC_PCLK2Config                          0x08002265   Thumb Code    22  stm32f4xx_rcc.o(.text)
    RCC_GetClocksFreq                        0x0800227b   Thumb Code   222  stm32f4xx_rcc.o(.text)
    RCC_RTCCLKConfig                         0x08002359   Thumb Code    54  stm32f4xx_rcc.o(.text)
    RCC_RTCCLKCmd                            0x0800238f   Thumb Code     8  stm32f4xx_rcc.o(.text)
    RCC_BackupResetCmd                       0x08002397   Thumb Code     8  stm32f4xx_rcc.o(.text)
    RCC_I2SCLKConfig                         0x0800239f   Thumb Code     6  stm32f4xx_rcc.o(.text)
    RCC_AHB1PeriphClockCmd                   0x080023a5   Thumb Code    34  stm32f4xx_rcc.o(.text)
    RCC_AHB2PeriphClockCmd                   0x080023c7   Thumb Code    34  stm32f4xx_rcc.o(.text)
    RCC_AHB3PeriphClockCmd                   0x080023e9   Thumb Code    34  stm32f4xx_rcc.o(.text)
    RCC_APB1PeriphClockCmd                   0x0800240b   Thumb Code    34  stm32f4xx_rcc.o(.text)
    RCC_APB2PeriphClockCmd                   0x0800242d   Thumb Code    34  stm32f4xx_rcc.o(.text)
    RCC_AHB1PeriphResetCmd                   0x0800244f   Thumb Code    34  stm32f4xx_rcc.o(.text)
    RCC_AHB2PeriphResetCmd                   0x08002471   Thumb Code    72  stm32f4xx_rcc.o(.text)
    RCC_AHB3PeriphResetCmd                   0x080024b9   Thumb Code    34  stm32f4xx_rcc.o(.text)
    RCC_APB1PeriphResetCmd                   0x080024db   Thumb Code    34  stm32f4xx_rcc.o(.text)
    RCC_APB2PeriphResetCmd                   0x080024fd   Thumb Code    34  stm32f4xx_rcc.o(.text)
    RCC_AHB1PeriphClockLPModeCmd             0x0800251f   Thumb Code    34  stm32f4xx_rcc.o(.text)
    RCC_AHB2PeriphClockLPModeCmd             0x08002541   Thumb Code    34  stm32f4xx_rcc.o(.text)
    RCC_AHB3PeriphClockLPModeCmd             0x08002563   Thumb Code    34  stm32f4xx_rcc.o(.text)
    RCC_APB1PeriphClockLPModeCmd             0x08002585   Thumb Code    34  stm32f4xx_rcc.o(.text)
    RCC_APB2PeriphClockLPModeCmd             0x080025a7   Thumb Code    34  stm32f4xx_rcc.o(.text)
    RCC_ITConfig                             0x080025c9   Thumb Code    34  stm32f4xx_rcc.o(.text)
    RCC_ClearFlag                            0x080025eb   Thumb Code    18  stm32f4xx_rcc.o(.text)
    RCC_GetITStatus                          0x080025fd   Thumb Code    22  stm32f4xx_rcc.o(.text)
    RCC_ClearITPendingBit                    0x08002613   Thumb Code     8  stm32f4xx_rcc.o(.text)
    CAN_DeInit                               0x08002621   Thumb Code    50  stm32f4xx_can.o(.text)
    CAN_Init                                 0x08002653   Thumb Code   276  stm32f4xx_can.o(.text)
    CAN_FilterInit                           0x08002767   Thumb Code   258  stm32f4xx_can.o(.text)
    CAN_StructInit                           0x08002869   Thumb Code    32  stm32f4xx_can.o(.text)
    CAN_SlaveStartBank                       0x08002889   Thumb Code    48  stm32f4xx_can.o(.text)
    CAN_DBGFreeze                            0x080028b9   Thumb Code    22  stm32f4xx_can.o(.text)
    CAN_TTComModeCmd                         0x080028cf   Thumb Code   118  stm32f4xx_can.o(.text)
    CAN_Transmit                             0x08002945   Thumb Code   304  stm32f4xx_can.o(.text)
    CAN_TransmitStatus                       0x08002a75   Thumb Code   138  stm32f4xx_can.o(.text)
    CAN_CancelTransmit                       0x08002aff   Thumb Code    48  stm32f4xx_can.o(.text)
    CAN_Receive                              0x08002b2f   Thumb Code   240  stm32f4xx_can.o(.text)
    CAN_FIFORelease                          0x08002c1f   Thumb Code    22  stm32f4xx_can.o(.text)
    CAN_MessagePending                       0x08002c35   Thumb Code    30  stm32f4xx_can.o(.text)
    CAN_OperatingModeRequest                 0x08002c53   Thumb Code   162  stm32f4xx_can.o(.text)
    CAN_Sleep                                0x08002cf5   Thumb Code    30  stm32f4xx_can.o(.text)
    CAN_WakeUp                               0x08002d13   Thumb Code    48  stm32f4xx_can.o(.text)
    CAN_GetLastErrorCode                     0x08002d43   Thumb Code    12  stm32f4xx_can.o(.text)
    CAN_GetReceiveErrorCounter               0x08002d4f   Thumb Code    10  stm32f4xx_can.o(.text)
    CAN_GetLSBTransmitErrorCounter           0x08002d59   Thumb Code    12  stm32f4xx_can.o(.text)
    CAN_ITConfig                             0x08002d65   Thumb Code    18  stm32f4xx_can.o(.text)
    CAN_GetFlagStatus                        0x08002d77   Thumb Code   120  stm32f4xx_can.o(.text)
    CAN_ClearFlag                            0x08002def   Thumb Code    52  stm32f4xx_can.o(.text)
    CAN_GetITStatus                          0x08002e35   Thumb Code   310  stm32f4xx_can.o(.text)
    CAN_ClearITPendingBit                    0x08002f6b   Thumb Code   162  stm32f4xx_can.o(.text)
    EXTI_DeInit                              0x08003011   Thumb Code    28  stm32f4xx_exti.o(.text)
    EXTI_Init                                0x0800302d   Thumb Code   142  stm32f4xx_exti.o(.text)
    EXTI_StructInit                          0x080030bb   Thumb Code    16  stm32f4xx_exti.o(.text)
    EXTI_GenerateSWInterrupt                 0x080030cb   Thumb Code    16  stm32f4xx_exti.o(.text)
    EXTI_GetFlagStatus                       0x080030db   Thumb Code    22  stm32f4xx_exti.o(.text)
    EXTI_ClearFlag                           0x080030f1   Thumb Code     8  stm32f4xx_exti.o(.text)
    EXTI_GetITStatus                         0x080030f9   Thumb Code    34  stm32f4xx_exti.o(.text)
    EXTI_ClearITPendingBit                   0x0800311b   Thumb Code     8  stm32f4xx_exti.o(.text)
    GPIO_DeInit                              0x0800312d   Thumb Code   220  stm32f4xx_gpio.o(.text)
    GPIO_Init                                0x08003209   Thumb Code   144  stm32f4xx_gpio.o(.text)
    GPIO_StructInit                          0x08003299   Thumb Code    18  stm32f4xx_gpio.o(.text)
    GPIO_PinLockConfig                       0x080032ab   Thumb Code    34  stm32f4xx_gpio.o(.text)
    GPIO_ReadInputDataBit                    0x080032cd   Thumb Code    18  stm32f4xx_gpio.o(.text)
    GPIO_ReadInputData                       0x080032df   Thumb Code     8  stm32f4xx_gpio.o(.text)
    GPIO_ReadOutputDataBit                   0x080032e7   Thumb Code    18  stm32f4xx_gpio.o(.text)
    GPIO_ReadOutputData                      0x080032f9   Thumb Code     8  stm32f4xx_gpio.o(.text)
    GPIO_SetBits                             0x08003301   Thumb Code     4  stm32f4xx_gpio.o(.text)
    GPIO_ResetBits                           0x08003305   Thumb Code     4  stm32f4xx_gpio.o(.text)
    GPIO_WriteBit                            0x08003309   Thumb Code    10  stm32f4xx_gpio.o(.text)
    GPIO_Write                               0x08003313   Thumb Code     4  stm32f4xx_gpio.o(.text)
    GPIO_ToggleBits                          0x08003317   Thumb Code     8  stm32f4xx_gpio.o(.text)
    GPIO_PinAFConfig                         0x0800331f   Thumb Code    70  stm32f4xx_gpio.o(.text)
    DMA_DeInit                               0x08003389   Thumb Code   324  stm32f4xx_dma.o(.text)
    DMA_Init                                 0x080034cd   Thumb Code    82  stm32f4xx_dma.o(.text)
    DMA_StructInit                           0x0800351f   Thumb Code    34  stm32f4xx_dma.o(.text)
    DMA_Cmd                                  0x08003541   Thumb Code    22  stm32f4xx_dma.o(.text)
    DMA_PeriphIncOffsetSizeConfig            0x08003557   Thumb Code    22  stm32f4xx_dma.o(.text)
    DMA_FlowControllerConfig                 0x0800356d   Thumb Code    22  stm32f4xx_dma.o(.text)
    DMA_SetCurrDataCounter                   0x08003583   Thumb Code     4  stm32f4xx_dma.o(.text)
    DMA_GetCurrDataCounter                   0x08003587   Thumb Code     8  stm32f4xx_dma.o(.text)
    DMA_DoubleBufferModeConfig               0x0800358f   Thumb Code    24  stm32f4xx_dma.o(.text)
    DMA_DoubleBufferModeCmd                  0x080035a7   Thumb Code    22  stm32f4xx_dma.o(.text)
    DMA_MemoryTargetConfig                   0x080035bd   Thumb Code    10  stm32f4xx_dma.o(.text)
    DMA_GetCurrentMemoryTarget               0x080035c7   Thumb Code    20  stm32f4xx_dma.o(.text)
    DMA_GetCmdStatus                         0x080035db   Thumb Code    20  stm32f4xx_dma.o(.text)
    DMA_GetFIFOStatus                        0x080035ef   Thumb Code    12  stm32f4xx_dma.o(.text)
    DMA_GetFlagStatus                        0x080035fb   Thumb Code    56  stm32f4xx_dma.o(.text)
    DMA_ClearFlag                            0x08003633   Thumb Code    40  stm32f4xx_dma.o(.text)
    DMA_ITConfig                             0x0800365b   Thumb Code    58  stm32f4xx_dma.o(.text)
    DMA_GetITStatus                          0x08003695   Thumb Code    84  stm32f4xx_dma.o(.text)
    DMA_ClearITPendingBit                    0x080036e9   Thumb Code    40  stm32f4xx_dma.o(.text)
    USART_DeInit                             0x08003731   Thumb Code   156  stm32f4xx_usart.o(.text)
    USART_Init                               0x080037cd   Thumb Code   204  stm32f4xx_usart.o(.text)
    USART_StructInit                         0x08003899   Thumb Code    24  stm32f4xx_usart.o(.text)
    USART_ClockInit                          0x080038b1   Thumb Code    32  stm32f4xx_usart.o(.text)
    USART_ClockStructInit                    0x080038d1   Thumb Code    12  stm32f4xx_usart.o(.text)
    USART_Cmd                                0x080038dd   Thumb Code    24  stm32f4xx_usart.o(.text)
    USART_SetPrescaler                       0x080038f5   Thumb Code    16  stm32f4xx_usart.o(.text)
    USART_OverSampling8Cmd                   0x08003905   Thumb Code    22  stm32f4xx_usart.o(.text)
    USART_OneBitMethodCmd                    0x0800391b   Thumb Code    24  stm32f4xx_usart.o(.text)
    USART_SendData                           0x08003933   Thumb Code     8  stm32f4xx_usart.o(.text)
    USART_ReceiveData                        0x0800393b   Thumb Code    10  stm32f4xx_usart.o(.text)
    USART_SetAddress                         0x08003945   Thumb Code    18  stm32f4xx_usart.o(.text)
    USART_ReceiverWakeUpCmd                  0x08003957   Thumb Code    24  stm32f4xx_usart.o(.text)
    USART_WakeUpConfig                       0x0800396f   Thumb Code    18  stm32f4xx_usart.o(.text)
    USART_LINBreakDetectLengthConfig         0x08003981   Thumb Code    18  stm32f4xx_usart.o(.text)
    USART_LINCmd                             0x08003993   Thumb Code    24  stm32f4xx_usart.o(.text)
    USART_SendBreak                          0x080039ab   Thumb Code    10  stm32f4xx_usart.o(.text)
    USART_HalfDuplexCmd                      0x080039b5   Thumb Code    24  stm32f4xx_usart.o(.text)
    USART_SetGuardTime                       0x080039cd   Thumb Code    16  stm32f4xx_usart.o(.text)
    USART_SmartCardCmd                       0x080039dd   Thumb Code    24  stm32f4xx_usart.o(.text)
    USART_SmartCardNACKCmd                   0x080039f5   Thumb Code    24  stm32f4xx_usart.o(.text)
    USART_IrDAConfig                         0x08003a0d   Thumb Code    18  stm32f4xx_usart.o(.text)
    USART_IrDACmd                            0x08003a1f   Thumb Code    24  stm32f4xx_usart.o(.text)
    USART_DMACmd                             0x08003a37   Thumb Code    18  stm32f4xx_usart.o(.text)
    USART_ITConfig                           0x08003a49   Thumb Code    74  stm32f4xx_usart.o(.text)
    USART_GetFlagStatus                      0x08003a93   Thumb Code    26  stm32f4xx_usart.o(.text)
    USART_ClearFlag                          0x08003aad   Thumb Code    18  stm32f4xx_usart.o(.text)
    USART_GetITStatus                        0x08003abf   Thumb Code   110  stm32f4xx_usart.o(.text)
    USART_ClearITPendingBit                  0x08003b2d   Thumb Code    30  stm32f4xx_usart.o(.text)
    SYSCFG_DeInit                            0x08003b4d   Thumb Code    22  stm32f4xx_syscfg.o(.text)
    SYSCFG_MemoryRemapConfig                 0x08003b63   Thumb Code     6  stm32f4xx_syscfg.o(.text)
    SYSCFG_EXTILineConfig                    0x08003b69   Thumb Code    66  stm32f4xx_syscfg.o(.text)
    SYSCFG_ETH_MediaInterfaceConfig          0x08003bab   Thumb Code     6  stm32f4xx_syscfg.o(.text)
    SYSCFG_CompensationCellCmd               0x08003bb1   Thumb Code     6  stm32f4xx_syscfg.o(.text)
    SYSCFG_GetCompensationCellStatus         0x08003bb7   Thumb Code    22  stm32f4xx_syscfg.o(.text)
    SystemInit                               0x08003cb5   Thumb Code    88  system_stm32f4xx.o(.text)
    SystemCoreClockUpdate                    0x08003d0d   Thumb Code   174  system_stm32f4xx.o(.text)
    Reset_Handler                            0x08003de9   Thumb Code     8  startup_stm32f4xx.o(.text)
    SysTick_Handler                          0x08003e01   Thumb Code     2  startup_stm32f4xx.o(.text)
    ADC_IRQHandler                           0x08003e03   Thumb Code     0  startup_stm32f4xx.o(.text)
    CAN1_RX1_IRQHandler                      0x08003e03   Thumb Code     0  startup_stm32f4xx.o(.text)
    CAN1_SCE_IRQHandler                      0x08003e03   Thumb Code     0  startup_stm32f4xx.o(.text)
    CAN2_RX1_IRQHandler                      0x08003e03   Thumb Code     0  startup_stm32f4xx.o(.text)
    CAN2_SCE_IRQHandler                      0x08003e03   Thumb Code     0  startup_stm32f4xx.o(.text)
    CRYP_IRQHandler                          0x08003e03   Thumb Code     0  startup_stm32f4xx.o(.text)
    DCMI_IRQHandler                          0x08003e03   Thumb Code     0  startup_stm32f4xx.o(.text)
    DMA1_Stream0_IRQHandler                  0x08003e03   Thumb Code     0  startup_stm32f4xx.o(.text)
    DMA1_Stream1_IRQHandler                  0x08003e03   Thumb Code     0  startup_stm32f4xx.o(.text)
    DMA1_Stream2_IRQHandler                  0x08003e03   Thumb Code     0  startup_stm32f4xx.o(.text)
    DMA1_Stream3_IRQHandler                  0x08003e03   Thumb Code     0  startup_stm32f4xx.o(.text)
    DMA1_Stream4_IRQHandler                  0x08003e03   Thumb Code     0  startup_stm32f4xx.o(.text)
    DMA1_Stream6_IRQHandler                  0x08003e03   Thumb Code     0  startup_stm32f4xx.o(.text)
    DMA1_Stream7_IRQHandler                  0x08003e03   Thumb Code     0  startup_stm32f4xx.o(.text)
    DMA2_Stream0_IRQHandler                  0x08003e03   Thumb Code     0  startup_stm32f4xx.o(.text)
    DMA2_Stream1_IRQHandler                  0x08003e03   Thumb Code     0  startup_stm32f4xx.o(.text)
    DMA2_Stream2_IRQHandler                  0x08003e03   Thumb Code     0  startup_stm32f4xx.o(.text)
    DMA2_Stream3_IRQHandler                  0x08003e03   Thumb Code     0  startup_stm32f4xx.o(.text)
    DMA2_Stream4_IRQHandler                  0x08003e03   Thumb Code     0  startup_stm32f4xx.o(.text)
    DMA2_Stream5_IRQHandler                  0x08003e03   Thumb Code     0  startup_stm32f4xx.o(.text)
    DMA2_Stream6_IRQHandler                  0x08003e03   Thumb Code     0  startup_stm32f4xx.o(.text)
    DMA2_Stream7_IRQHandler                  0x08003e03   Thumb Code     0  startup_stm32f4xx.o(.text)
    ETH_IRQHandler                           0x08003e03   Thumb Code     0  startup_stm32f4xx.o(.text)
    ETH_WKUP_IRQHandler                      0x08003e03   Thumb Code     0  startup_stm32f4xx.o(.text)
    EXTI0_IRQHandler                         0x08003e03   Thumb Code     0  startup_stm32f4xx.o(.text)
    EXTI15_10_IRQHandler                     0x08003e03   Thumb Code     0  startup_stm32f4xx.o(.text)
    EXTI1_IRQHandler                         0x08003e03   Thumb Code     0  startup_stm32f4xx.o(.text)
    EXTI2_IRQHandler                         0x08003e03   Thumb Code     0  startup_stm32f4xx.o(.text)
    EXTI3_IRQHandler                         0x08003e03   Thumb Code     0  startup_stm32f4xx.o(.text)
    EXTI9_5_IRQHandler                       0x08003e03   Thumb Code     0  startup_stm32f4xx.o(.text)
    FLASH_IRQHandler                         0x08003e03   Thumb Code     0  startup_stm32f4xx.o(.text)
    FPU_IRQHandler                           0x08003e03   Thumb Code     0  startup_stm32f4xx.o(.text)
    FSMC_IRQHandler                          0x08003e03   Thumb Code     0  startup_stm32f4xx.o(.text)
    HASH_RNG_IRQHandler                      0x08003e03   Thumb Code     0  startup_stm32f4xx.o(.text)
    I2C1_ER_IRQHandler                       0x08003e03   Thumb Code     0  startup_stm32f4xx.o(.text)
    I2C1_EV_IRQHandler                       0x08003e03   Thumb Code     0  startup_stm32f4xx.o(.text)
    I2C2_ER_IRQHandler                       0x08003e03   Thumb Code     0  startup_stm32f4xx.o(.text)
    I2C2_EV_IRQHandler                       0x08003e03   Thumb Code     0  startup_stm32f4xx.o(.text)
    I2C3_ER_IRQHandler                       0x08003e03   Thumb Code     0  startup_stm32f4xx.o(.text)
    I2C3_EV_IRQHandler                       0x08003e03   Thumb Code     0  startup_stm32f4xx.o(.text)
    OTG_FS_IRQHandler                        0x08003e03   Thumb Code     0  startup_stm32f4xx.o(.text)
    OTG_FS_WKUP_IRQHandler                   0x08003e03   Thumb Code     0  startup_stm32f4xx.o(.text)
    OTG_HS_EP1_IN_IRQHandler                 0x08003e03   Thumb Code     0  startup_stm32f4xx.o(.text)
    OTG_HS_EP1_OUT_IRQHandler                0x08003e03   Thumb Code     0  startup_stm32f4xx.o(.text)
    OTG_HS_IRQHandler                        0x08003e03   Thumb Code     0  startup_stm32f4xx.o(.text)
    OTG_HS_WKUP_IRQHandler                   0x08003e03   Thumb Code     0  startup_stm32f4xx.o(.text)
    PVD_IRQHandler                           0x08003e03   Thumb Code     0  startup_stm32f4xx.o(.text)
    RCC_IRQHandler                           0x08003e03   Thumb Code     0  startup_stm32f4xx.o(.text)
    RTC_Alarm_IRQHandler                     0x08003e03   Thumb Code     0  startup_stm32f4xx.o(.text)
    RTC_WKUP_IRQHandler                      0x08003e03   Thumb Code     0  startup_stm32f4xx.o(.text)
    SDIO_IRQHandler                          0x08003e03   Thumb Code     0  startup_stm32f4xx.o(.text)
    SPI1_IRQHandler                          0x08003e03   Thumb Code     0  startup_stm32f4xx.o(.text)
    SPI2_IRQHandler                          0x08003e03   Thumb Code     0  startup_stm32f4xx.o(.text)
    SPI3_IRQHandler                          0x08003e03   Thumb Code     0  startup_stm32f4xx.o(.text)
    TAMP_STAMP_IRQHandler                    0x08003e03   Thumb Code     0  startup_stm32f4xx.o(.text)
    TIM1_BRK_TIM9_IRQHandler                 0x08003e03   Thumb Code     0  startup_stm32f4xx.o(.text)
    TIM1_CC_IRQHandler                       0x08003e03   Thumb Code     0  startup_stm32f4xx.o(.text)
    TIM1_TRG_COM_TIM11_IRQHandler            0x08003e03   Thumb Code     0  startup_stm32f4xx.o(.text)
    TIM1_UP_TIM10_IRQHandler                 0x08003e03   Thumb Code     0  startup_stm32f4xx.o(.text)
    TIM2_IRQHandler                          0x08003e03   Thumb Code     0  startup_stm32f4xx.o(.text)
    TIM3_IRQHandler                          0x08003e03   Thumb Code     0  startup_stm32f4xx.o(.text)
    TIM4_IRQHandler                          0x08003e03   Thumb Code     0  startup_stm32f4xx.o(.text)
    TIM5_IRQHandler                          0x08003e03   Thumb Code     0  startup_stm32f4xx.o(.text)
    TIM7_IRQHandler                          0x08003e03   Thumb Code     0  startup_stm32f4xx.o(.text)
    TIM8_BRK_TIM12_IRQHandler                0x08003e03   Thumb Code     0  startup_stm32f4xx.o(.text)
    TIM8_CC_IRQHandler                       0x08003e03   Thumb Code     0  startup_stm32f4xx.o(.text)
    TIM8_TRG_COM_TIM14_IRQHandler            0x08003e03   Thumb Code     0  startup_stm32f4xx.o(.text)
    TIM8_UP_TIM13_IRQHandler                 0x08003e03   Thumb Code     0  startup_stm32f4xx.o(.text)
    UART4_IRQHandler                         0x08003e03   Thumb Code     0  startup_stm32f4xx.o(.text)
    UART5_IRQHandler                         0x08003e03   Thumb Code     0  startup_stm32f4xx.o(.text)
    USART1_IRQHandler                        0x08003e03   Thumb Code     0  startup_stm32f4xx.o(.text)
    USART2_IRQHandler                        0x08003e03   Thumb Code     0  startup_stm32f4xx.o(.text)
    USART6_IRQHandler                        0x08003e03   Thumb Code     0  startup_stm32f4xx.o(.text)
    WWDG_IRQHandler                          0x08003e03   Thumb Code     0  startup_stm32f4xx.o(.text)
    __scatterload                            0x08003e0d   Thumb Code    28  init.o(.text)
    __scatterload_rt2                        0x08003e0d   Thumb Code     0  init.o(.text)
    __scatterload_copy                       0x08003e31   Thumb Code    14  handlers.o(i.__scatterload_copy)
    __scatterload_null                       0x08003e3f   Thumb Code     2  handlers.o(i.__scatterload_null)
    __scatterload_zeroinit                   0x08003e41   Thumb Code    14  handlers.o(i.__scatterload_zeroinit)
    Region$$Table$$Base                      0x08003e50   Number         0  anon$$obj.o(Region$$Table)
    Region$$Table$$Limit                     0x08003e70   Number         0  anon$$obj.o(Region$$Table)
    Time_Update                              0x20000000   Data           4  main.o(.data)
    flag                                     0x20000004   Data           1  main.o(.data)
    Count_Time                               0x20000008   Data           4  main.o(.data)
    Moto_Flag_ID                             0x20000018   Data           1  can1.o(.data)
    pitch_ecd_bias                           0x20000020   Data           2  can2.o(.data)
    yaw_ecd_bias                             0x20000022   Data           2  can2.o(.data)
    ZGyroModuleAngle                         0x20000024   Data           4  can2.o(.data)
    USART_RX_STA                             0x20000028   Data           2  usart3.o(.data)
    Res                                      0x2000002a   Data           1  usart3.o(.data)
    buzzer_flag                              0x2000002c   Data           4  usart3.o(.data)
    SystemCoreClock                          0x20000040   Data           4  system_stm32f4xx.o(.data)
    AHBPrescTable                            0x20000044   Data          16  system_stm32f4xx.o(.data)
    SubRal_Encoder_Speed                     0x20000054   Data          20  main.o(.bss)
    Moto_Pid1                                0x20000068   Data          20  main.o(.bss)
    Moto_Pid2                                0x2000007c   Data          20  main.o(.bss)
    Moto_Pid3                                0x20000090   Data          20  main.o(.bss)
    Moto_Pid4                                0x200000a4   Data          20  main.o(.bss)
    target_speed                             0x200000b8   Data          20  main.o(.bss)
    CM1Encoder                               0x200000cc   Data          84  can1.o(.bss)
    CM2Encoder                               0x20000120   Data          84  can1.o(.bss)
    CM3Encoder                               0x20000174   Data          84  can1.o(.bss)
    CM4Encoder                               0x200001c8   Data          84  can1.o(.bss)
    Encoder_Value                            0x2000021c   Data          20  can1.o(.bss)
    Last_Encoder_Value                       0x20000230   Data          20  can1.o(.bss)
    sbus_rx_buffer                           0x20000244   Data          18  usart2.o(.bss)
    RC_Ctl                                   0x20000256   Data          20  usart2.o(.bss)
    send_data                                0x2000026c   Data          16  usart3.o(.bss)
    Union_Reciver                            0x2000027c   Data          12  usart3.o(.bss)
    Union_Send_Data                          0x20000288   Data          16  usart3.o(.bss)
    __initial_sp                             0x20000698   Data           0  startup_stm32f4xx.o(STACK)



==============================================================================

Memory Map of the image

  Image Entry point : 0x08000189

  Load Region LR_IROM1 (Base: 0x08000000, Size: 0x00003ec4, Max: 0x00100000, ABSOLUTE)

    Execution Region ER_IROM1 (Base: 0x08000000, Size: 0x00003e70, Max: 0x00100000, ABSOLUTE)

    Base Addr    Size         Type   Attr      Idx    E Section Name        Object

    0x08000000   0x00000188   Data   RO          787    RESET               startup_stm32f4xx.o
    0x08000188   0x00000000   Code   RO          792  * .ARM.Collect$$$$00000000  mc_w.l(entry.o)
    0x08000188   0x00000004   Code   RO          825    .ARM.Collect$$$$00000001  mc_w.l(entry2.o)
    0x0800018c   0x00000004   Code   RO          828    .ARM.Collect$$$$00000004  mc_w.l(entry5.o)
    0x08000190   0x00000000   Code   RO          830    .ARM.Collect$$$$00000008  mc_w.l(entry7b.o)
    0x08000190   0x00000000   Code   RO          832    .ARM.Collect$$$$0000000A  mc_w.l(entry8b.o)
    0x08000190   0x00000008   Code   RO          833    .ARM.Collect$$$$0000000B  mc_w.l(entry9a.o)
    0x08000198   0x00000000   Code   RO          835    .ARM.Collect$$$$0000000D  mc_w.l(entry10a.o)
    0x08000198   0x00000000   Code   RO          837    .ARM.Collect$$$$0000000F  mc_w.l(entry11a.o)
    0x08000198   0x00000004   Code   RO          826    .ARM.Collect$$$$00002712  mc_w.l(entry2.o)
    0x0800019c   0x00000500   Code   RO            4    .text               main.o
    0x0800069c   0x00000018   Code   RO          149    .text               stm32f4xx_it.o
    0x080006b4   0x00000040   Code   RO          204    .text               led.o
    0x080006f4   0x00000038   Code   RO          228    .text               buzzer.o
    0x0800072c   0x00000094   Code   RO          300    .text               timer.o
    0x080007c0   0x00000334   Code   RO          324    .text               can1.o
    0x08000af4   0x00000194   Code   RO          352    .text               can2.o
    0x08000c88   0x00000278   Code   RO          379    .text               usart2.o
    0x08000f00   0x00000298   Code   RO          410    .text               usart3.o
    0x08001198   0x00000090   Code   RO          468    .text               key.o
    0x08001228   0x000000ec   Code   RO          492    .text               encoder.o
    0x08001314   0x000000e0   Code   RO          516    .text               misc.o
    0x080013f4   0x00000ca2   Code   RO          540    .text               stm32f4xx_tim.o
    0x08002096   0x00000002   PAD
    0x08002098   0x00000588   Code   RO          588    .text               stm32f4xx_rcc.o
    0x08002620   0x000009f0   Code   RO          614    .text               stm32f4xx_can.o
    0x08003010   0x0000011c   Code   RO          638    .text               stm32f4xx_exti.o
    0x0800312c   0x0000025c   Code   RO          662    .text               stm32f4xx_gpio.o
    0x08003388   0x000003a8   Code   RO          686    .text               stm32f4xx_dma.o
    0x08003730   0x0000041a   Code   RO          710    .text               stm32f4xx_usart.o
    0x08003b4a   0x00000002   PAD
    0x08003b4c   0x0000008c   Code   RO          734    .text               stm32f4xx_syscfg.o
    0x08003bd8   0x00000210   Code   RO          758    .text               system_stm32f4xx.o
    0x08003de8   0x00000024   Code   RO          788    .text               startup_stm32f4xx.o
    0x08003e0c   0x00000024   Code   RO          855    .text               mc_w.l(init.o)
    0x08003e30   0x0000000e   Code   RO          867    i.__scatterload_copy  mc_w.l(handlers.o)
    0x08003e3e   0x00000002   Code   RO          868    i.__scatterload_null  mc_w.l(handlers.o)
    0x08003e40   0x0000000e   Code   RO          869    i.__scatterload_zeroinit  mc_w.l(handlers.o)
    0x08003e4e   0x00000002   PAD
    0x08003e50   0x00000020   Data   RO          865    Region$$Table       anon$$obj.o


    Execution Region RW_IRAM1 (Base: 0x20000000, Size: 0x00000698, Max: 0x00020000, ABSOLUTE)

    Base Addr    Size         Type   Attr      Idx    E Section Name        Object

    0x20000000   0x00000018   Data   RW            6    .data               main.o
    0x20000018   0x00000008   Data   RW          326    .data               can1.o
    0x20000020   0x00000008   Data   RW          353    .data               can2.o
    0x20000028   0x00000008   Data   RW          412    .data               usart3.o
    0x20000030   0x00000010   Data   RW          589    .data               stm32f4xx_rcc.o
    0x20000040   0x00000014   Data   RW          759    .data               system_stm32f4xx.o
    0x20000054   0x00000078   Zero   RW            5    .bss                main.o
    0x200000cc   0x00000178   Zero   RW          325    .bss                can1.o
    0x20000244   0x00000026   Zero   RW          380    .bss                usart2.o
    0x2000026a   0x00000002   PAD
    0x2000026c   0x0000002c   Zero   RW          411    .bss                usart3.o
    0x20000298   0x00000400   Zero   RW          785    STACK               startup_stm32f4xx.o


==============================================================================

Image component sizes


      Code (inc. data)   RO Data    RW Data    ZI Data      Debug   Object Name

        56          6          0          0          0        531   buzzer.o
       820         42          0          8        376       2939   can1.o
       404         16          0          8          0       1415   can2.o
       236          8          0          0          0        883   encoder.o
       144          4          0          0          0        757   key.o
        64          6          0          0          0        528   led.o
      1280        112          0         24        120     286703   main.o
       224         20          0          0          0       1841   misc.o
        36          8        392          0       1024        792   startup_stm32f4xx.o
      2544         38          0          0          0       7992   stm32f4xx_can.o
       936         32          0          0          0       6313   stm32f4xx_dma.o
       284         10          0          0          0       2319   stm32f4xx_exti.o
       604         36          0          0          0       4089   stm32f4xx_gpio.o
        24          0          0          0          0       1154   stm32f4xx_it.o
      1416         48          0         16          0      10983   stm32f4xx_rcc.o
       140         12          0          0          0       1691   stm32f4xx_syscfg.o
      3234         60          0          0          0      22320   stm32f4xx_tim.o
      1050         26          0          0          0       7792   stm32f4xx_usart.o
       528         46          0         20          0       1883   system_stm32f4xx.o
       148          8          0          0          0        820   timer.o
       632         52          0          0         38       2589   usart2.o
       664         38          0          8         44       3128   usart3.o

    ----------------------------------------------------------------------
     15472        628        424         84       1604     369462   Object Totals
         0          0         32          0          0          0   (incl. Generated)
         4          0          0          0          2          0   (incl. Padding)

    ----------------------------------------------------------------------

      Code (inc. data)   RO Data    RW Data    ZI Data      Debug   Library Member Name

         0          0          0          0          0          0   entry.o
         0          0          0          0          0          0   entry10a.o
         0          0          0          0          0          0   entry11a.o
         8          4          0          0          0          0   entry2.o
         4          0          0          0          0          0   entry5.o
         0          0          0          0          0          0   entry7b.o
         0          0          0          0          0          0   entry8b.o
         8          4          0          0          0          0   entry9a.o
        30          0          0          0          0          0   handlers.o
        36          8          0          0          0         68   init.o

    ----------------------------------------------------------------------
        88         16          0          0          0         68   Library Totals
         2          0          0          0          0          0   (incl. Padding)

    ----------------------------------------------------------------------

      Code (inc. data)   RO Data    RW Data    ZI Data      Debug   Library Name

        86         16          0          0          0         68   mc_w.l

    ----------------------------------------------------------------------
        88         16          0          0          0         68   Library Totals

    ----------------------------------------------------------------------

==============================================================================


      Code (inc. data)   RO Data    RW Data    ZI Data      Debug   

     15560        644        424         84       1604     365834   Grand Totals
     15560        644        424         84       1604     365834   ELF Image Totals
     15560        644        424         84          0          0   ROM Totals

==============================================================================

    Total RO  Size (Code + RO Data)                15984 (  15.61kB)
    Total RW  Size (RW Data + ZI Data)              1688 (   1.65kB)
    Total ROM Size (Code + RO Data + RW Data)      16068 (  15.69kB)

==============================================================================

